Archive member included to satisfy reference by file (symbol)

c:/st/stm32cubeide_1.4.0/stm32cubeide/plugins/com.st.stm32cube.ide.mcu.externaltools.gnu-tools-for-stm32.7-2018-q2-update.win32_1.4.0.202007081208/tools/bin/../lib/gcc/arm-none-eabi/7.3.1/../../../../arm-none-eabi/lib/thumb/v7-m\libc_nano.a(lib_a-errno.o)
                              Src/syscalls.o (__errno)
c:/st/stm32cubeide_1.4.0/stm32cubeide/plugins/com.st.stm32cube.ide.mcu.externaltools.gnu-tools-for-stm32.7-2018-q2-update.win32_1.4.0.202007081208/tools/bin/../lib/gcc/arm-none-eabi/7.3.1/../../../../arm-none-eabi/lib/thumb/v7-m\libc_nano.a(lib_a-exit.o)
                              c:/st/stm32cubeide_1.4.0/stm32cubeide/plugins/com.st.stm32cube.ide.mcu.externaltools.gnu-tools-for-stm32.7-2018-q2-update.win32_1.4.0.202007081208/tools/bin/../lib/gcc/arm-none-eabi/7.3.1/../../../../arm-none-eabi/lib/thumb/v7-m/crt0.o (exit)
c:/st/stm32cubeide_1.4.0/stm32cubeide/plugins/com.st.stm32cube.ide.mcu.externaltools.gnu-tools-for-stm32.7-2018-q2-update.win32_1.4.0.202007081208/tools/bin/../lib/gcc/arm-none-eabi/7.3.1/../../../../arm-none-eabi/lib/thumb/v7-m\libc_nano.a(lib_a-impure.o)
                              c:/st/stm32cubeide_1.4.0/stm32cubeide/plugins/com.st.stm32cube.ide.mcu.externaltools.gnu-tools-for-stm32.7-2018-q2-update.win32_1.4.0.202007081208/tools/bin/../lib/gcc/arm-none-eabi/7.3.1/../../../../arm-none-eabi/lib/thumb/v7-m\libc_nano.a(lib_a-exit.o) (_global_impure_ptr)
c:/st/stm32cubeide_1.4.0/stm32cubeide/plugins/com.st.stm32cube.ide.mcu.externaltools.gnu-tools-for-stm32.7-2018-q2-update.win32_1.4.0.202007081208/tools/bin/../lib/gcc/arm-none-eabi/7.3.1/../../../../arm-none-eabi/lib/thumb/v7-m\libc_nano.a(lib_a-init.o)
                              c:/st/stm32cubeide_1.4.0/stm32cubeide/plugins/com.st.stm32cube.ide.mcu.externaltools.gnu-tools-for-stm32.7-2018-q2-update.win32_1.4.0.202007081208/tools/bin/../lib/gcc/arm-none-eabi/7.3.1/../../../../arm-none-eabi/lib/thumb/v7-m/crt0.o (__libc_init_array)
c:/st/stm32cubeide_1.4.0/stm32cubeide/plugins/com.st.stm32cube.ide.mcu.externaltools.gnu-tools-for-stm32.7-2018-q2-update.win32_1.4.0.202007081208/tools/bin/../lib/gcc/arm-none-eabi/7.3.1/../../../../arm-none-eabi/lib/thumb/v7-m\libc_nano.a(lib_a-memset.o)
                              c:/st/stm32cubeide_1.4.0/stm32cubeide/plugins/com.st.stm32cube.ide.mcu.externaltools.gnu-tools-for-stm32.7-2018-q2-update.win32_1.4.0.202007081208/tools/bin/../lib/gcc/arm-none-eabi/7.3.1/../../../../arm-none-eabi/lib/thumb/v7-m/crt0.o (memset)

Allocating common symbols
Common symbol       size              file

Global_SPI_Config2  0x18              Stm32_F103C6_Drivers/stm32f103x8_SPI_Drver.o
DoorLock_indication_RP_SR_DoorState_DoorState
                    0x1               AUTOSAR_implementation/RTE_gen/Rte_DoorLock_indication_SWC.o
PinCfg              0x4               HAL/lcd.o
Global_SPI_Config1  0x18              Stm32_F103C6_Drivers/stm32f103x8_SPI_Drver.o
ReadDoorSensor_PP_SR_DoorState
                    0x1               AUTOSAR_implementation/RTE_gen/Rte_DoorLock_indication_SWC.o
GP_IRQ_CallBack     0x3c              Stm32_F103C6_Drivers/stm32f103x8_EXTI_driver.o

Discarded input sections

 .text          0x0000000000000000        0x0 c:/st/stm32cubeide_1.4.0/stm32cubeide/plugins/com.st.stm32cube.ide.mcu.externaltools.gnu-tools-for-stm32.7-2018-q2-update.win32_1.4.0.202007081208/tools/bin/../lib/gcc/arm-none-eabi/7.3.1/thumb/v7-m/crti.o
 .data          0x0000000000000000        0x0 c:/st/stm32cubeide_1.4.0/stm32cubeide/plugins/com.st.stm32cube.ide.mcu.externaltools.gnu-tools-for-stm32.7-2018-q2-update.win32_1.4.0.202007081208/tools/bin/../lib/gcc/arm-none-eabi/7.3.1/thumb/v7-m/crti.o
 .bss           0x0000000000000000        0x0 c:/st/stm32cubeide_1.4.0/stm32cubeide/plugins/com.st.stm32cube.ide.mcu.externaltools.gnu-tools-for-stm32.7-2018-q2-update.win32_1.4.0.202007081208/tools/bin/../lib/gcc/arm-none-eabi/7.3.1/thumb/v7-m/crti.o
 .data          0x0000000000000000        0x4 c:/st/stm32cubeide_1.4.0/stm32cubeide/plugins/com.st.stm32cube.ide.mcu.externaltools.gnu-tools-for-stm32.7-2018-q2-update.win32_1.4.0.202007081208/tools/bin/../lib/gcc/arm-none-eabi/7.3.1/thumb/v7-m/crtbegin.o
 .text          0x0000000000000000       0x74 c:/st/stm32cubeide_1.4.0/stm32cubeide/plugins/com.st.stm32cube.ide.mcu.externaltools.gnu-tools-for-stm32.7-2018-q2-update.win32_1.4.0.202007081208/tools/bin/../lib/gcc/arm-none-eabi/7.3.1/../../../../arm-none-eabi/lib/thumb/v7-m/crt0.o
 .data          0x0000000000000000        0x0 c:/st/stm32cubeide_1.4.0/stm32cubeide/plugins/com.st.stm32cube.ide.mcu.externaltools.gnu-tools-for-stm32.7-2018-q2-update.win32_1.4.0.202007081208/tools/bin/../lib/gcc/arm-none-eabi/7.3.1/../../../../arm-none-eabi/lib/thumb/v7-m/crt0.o
[...]
Memory Configuration

Name             Origin             Length             Attributes
RAM              0x0000000020000000 0x0000000000002800 xrw
ROM              0x0000000008000000 0x0000000000008000 xr
*default*        0x0000000000000000 0xffffffffffffffff

Linker script and memory map

LOAD c:/st/stm32cubeide_1.4.0/stm32cubeide/plugins/com.st.stm32cube.ide.mcu.externaltools.gnu-tools-for-stm32.7-2018-q2-update.win32_1.4.0.202007081208/tools/bin/../lib/gcc/arm-none-eabi/7.3.1/thumb/v7-m/crti.o
LOAD c:/st/stm32cubeide_1.4.0/stm32cubeide/plugins/com.st.stm32cube.ide.mcu.externaltools.gnu-tools-for-stm32.7-2018-q2-update.win32_1.4.0.202007081208/tools/bin/../lib/gcc/arm-none-eabi/7.3.1/thumb/v7-m/crtbegin.o
LOAD c:/st/stm32cubeide_1.4.0/stm32cubeide/plugins/com.st.stm32cube.ide.mcu.externaltools.gnu-tools-for-stm32.7-2018-q2-update.win32_1.4.0.202007081208/tools/bin/../lib/gcc/arm-none-eabi/7.3.1/../../../../arm-none-eabi/lib/thumb/v7-m/crt0.o
LOAD AUTOSAR_implementation/DoorLock_indication_SWC.o
LOAD AUTOSAR_implementation/DoorSensorAbstractionSWC.o
LOAD AUTOSAR_implementation/MCAL/DIO.o
LOAD AUTOSAR_implementation/RTE_gen/Rte_DoorLock_indication_SWC.o
LOAD AUTOSAR_implementation/RTE_gen/Rte_DoorSensorAbstractionSWC.o
LOAD HAL/I2C_Slave_EEPROM.o
LOAD HAL/keypad.o
LOAD HAL/lcd.o
LOAD Src/main.o
LOAD Src/syscalls.o
LOAD Src/sysmem.o
LOAD Startup/startup_stm32f103c6tx.o
LOAD Stm32_F103C6_Drivers/GPIO/stm32f103x8_gpio_driver.o
LOAD Stm32_F103C6_Drivers/stm32f103x8_EXTI_driver.o
LOAD Stm32_F103C6_Drivers/stm32f103x8_I2C_Drver.o
LOAD Stm32_F103C6_Drivers/stm32f103x8_RCC_driver.o
LOAD Stm32_F103C6_Drivers/stm32f103x8_SPI_Drver.o
LOAD Stm32_F103C6_Drivers/stm32f103x8_USART_driver.o
START GROUP
LOAD c:/st/stm32cubeide_1.4.0/stm32cubeide/plugins/com.st.stm32cube.ide.mcu.externaltools.gnu-tools-for-stm32.7-2018-q2-update.win32_1.4.0.202007081208/tools/bin/../lib/gcc/arm-none-eabi/7.3.1/../../../../arm-none-eabi/lib/thumb/v7-m\libc_nano.a
LOAD c:/st/stm32cubeide_1.4.0/stm32cubeide/plugins/com.st.stm32cube.ide.mcu.externaltools.gnu-tools-for-stm32.7-2018-q2-update.win32_1.4.0.202007081208/tools/bin/../lib/gcc/arm-none-eabi/7.3.1/../../../../arm-none-eabi/lib/thumb/v7-m\libm.a
END GROUP
START GROUP
LOAD c:/st/stm32cubeide_1.4.0/stm32cubeide/plugins/com.st.stm32cube.ide.mcu.externaltools.gnu-tools-for-stm32.7-2018-q2-update.win32_1.4.0.202007081208/tools/bin/../lib/gcc/arm-none-eabi/7.3.1/thumb/v7-m\libgcc.a
LOAD c:/st/stm32cubeide_1.4.0/stm32cubeide/plugins/com.st.stm32cube.ide.mcu.externaltools.gnu-tools-for-stm32.7-2018-q2-update.win32_1.4.0.202007081208/tools/bin/../lib/gcc/arm-none-eabi/7.3.1/../../../../arm-none-eabi/lib/thumb/v7-m\libg_nano.a
LOAD c:/st/stm32cubeide_1.4.0/stm32cubeide/plugins/com.st.stm32cube.ide.mcu.externaltools.gnu-tools-for-stm32.7-2018-q2-update.win32_1.4.0.202007081208/tools/bin/../lib/gcc/arm-none-eabi/7.3.1/../../../../arm-none-eabi/lib/thumb/v7-m\libc_nano.a
END GROUP
START GROUP
LOAD c:/st/stm32cubeide_1.4.0/stm32cubeide/plugins/com.st.stm32cube.ide.mcu.externaltools.gnu-tools-for-stm32.7-2018-q2-update.win32_1.4.0.202007081208/tools/bin/../lib/gcc/arm-none-eabi/7.3.1/thumb/v7-m\libgcc.a
LOAD c:/st/stm32cubeide_1.4.0/stm32cubeide/plugins/com.st.stm32cube.ide.mcu.externaltools.gnu-tools-for-stm32.7-2018-q2-update.win32_1.4.0.202007081208/tools/bin/../lib/gcc/arm-none-eabi/7.3.1/../../../../arm-none-eabi/lib/thumb/v7-m\libc_nano.a
LOAD c:/st/stm32cubeide_1.4.0/stm32cubeide/plugins/com.st.stm32cube.ide.mcu.externaltools.gnu-tools-for-stm32.7-2018-q2-update.win32_1.4.0.202007081208/tools/bin/../lib/gcc/arm-none-eabi/7.3.1/../../../../arm-none-eabi/lib/thumb/v7-m\libnosys.a
END GROUP
START GROUP
LOAD c:/st/stm32cubeide_1.4.0/stm32cubeide/plugins/com.st.stm32cube.ide.mcu.externaltools.gnu-tools-for-stm32.7-2018-q2-update.win32_1.4.0.202007081208/tools/bin/../lib/gcc/arm-none-eabi/7.3.1/thumb/v7-m\libgcc.a
LOAD c:/st/stm32cubeide_1.4.0/stm32cubeide/plugins/com.st.stm32cube.ide.mcu.externaltools.gnu-tools-for-stm32.7-2018-q2-update.win32_1.4.0.202007081208/tools/bin/../lib/gcc/arm-none-eabi/7.3.1/../../../../arm-none-eabi/lib/thumb/v7-m\libc_nano.a
LOAD c:/st/stm32cubeide_1.4.0/stm32cubeide/plugins/com.st.stm32cube.ide.mcu.externaltools.gnu-tools-for-stm32.7-2018-q2-update.win32_1.4.0.202007081208/tools/bin/../lib/gcc/arm-none-eabi/7.3.1/../../../../arm-none-eabi/lib/thumb/v7-m\libnosys.a
END GROUP
LOAD c:/st/stm32cubeide_1.4.0/stm32cubeide/plugins/com.st.stm32cube.ide.mcu.externaltools.gnu-tools-for-stm32.7-2018-q2-update.win32_1.4.0.202007081208/tools/bin/../lib/gcc/arm-none-eabi/7.3.1/thumb/v7-m/crtend.o
LOAD c:/st/stm32cubeide_1.4.0/stm32cubeide/plugins/com.st.stm32cube.ide.mcu.externaltools.gnu-tools-for-stm32.7-2018-q2-update.win32_1.4.0.202007081208/tools/bin/../lib/gcc/arm-none-eabi/7.3.1/thumb/v7-m/crtn.o
                0x0000000020002800                _estack = (ORIGIN (RAM) + LENGTH (RAM))
                0x0000000000000200                _Min_Heap_Size = 0x200
                0x0000000000000400                _Min_Stack_Size = 0x400

.isr_vector     0x0000000008000000      0x130
                0x0000000008000000                . = ALIGN (0x4)
 *(.isr_vector)
 .isr_vector    0x0000000008000000      0x130 Startup/startup_stm32f103c6tx.o
                0x0000000008000000                g_pfnVectors
                0x0000000008000130                . = ALIGN (0x4)

.text           0x0000000008000130      0xa80
                0x0000000008000130                . = ALIGN (0x4)
 *(.text)
 .text          0x0000000008000130       0x40 c:/st/stm32cubeide_1.4.0/stm32cubeide/plugins/com.st.stm32cube.ide.mcu.externaltools.gnu-tools-for-stm32.7-2018-q2-update.win32_1.4.0.202007081208/tools/bin/../lib/gcc/arm-none-eabi/7.3.1/thumb/v7-m/crtbegin.o
 *(.text*)
 .text.DoorLock_indication_Runnable
                0x0000000008000170       0x2e AUTOSAR_implementation/DoorLock_indication_SWC.o
                0x0000000008000170                DoorLock_indication_Runnable
 .text.Led_Switch_Runnable
                0x000000000800019e       0x38 AUTOSAR_implementation/DoorSensorAbstractionSWC.o
                0x000000000800019e                Led_Switch_Runnable
 .text.ReadDoorSensor_Runnable
                0x00000000080001d6       0x24 AUTOSAR_implementation/DoorSensorAbstractionSWC.o
                0x00000000080001d6                ReadDoorSensor_Runnable
 *fill*         0x00000000080001fa        0x2 
 .text.Dio_ReadChannel
                0x00000000080001fc       0x24 AUTOSAR_implementation/MCAL/DIO.o
                0x00000000080001fc                Dio_ReadChannel
 .text.Dio_WriteChannel
                0x0000000008000220       0x2c AUTOSAR_implementation/MCAL/DIO.o
                0x0000000008000220                Dio_WriteChannel
 .text.Rte_IRead_DoorLock_indication_SWC_DoorLock_indication_RP_SR_DoorState_DoorState
                0x000000000800024c       0x18 AUTOSAR_implementation/RTE_gen/Rte_DoorLock_indication_SWC.o
                0x000000000800024c                Rte_IRead_DoorLock_indication_SWC_DoorLock_indication_RP_SR_DoorState_DoorState
 .text.Rte_Call_DoorLock_indication_SWC_RP_CS_Led_Switch_Led_Switch
                0x0000000008000264       0x40 AUTOSAR_implementation/RTE_gen/Rte_DoorLock_indication_SWC.o
                0x0000000008000264                Rte_Call_DoorLock_indication_SWC_RP_CS_Led_Switch_Led_Switch
 .text.Rte_IWrite_DoorSensorAbstractionSWC_ReadDoorSensor_PP_SR_DoorState
                0x00000000080002a4       0x20 AUTOSAR_implementation/RTE_gen/Rte_DoorSensorAbstractionSWC.o
                0x00000000080002a4                Rte_IWrite_DoorSensorAbstractionSWC_ReadDoorSensor_PP_SR_DoorState
 .text.wait_cycles
                0x00000000080002c4       0x2c Src/main.o
                0x00000000080002c4                wait_cycles
 .text.MCU_init
                0x00000000080002f0       0x4c Src/main.o
                0x00000000080002f0                MCU_init
 .text.StartOS  0x000000000800033c       0x3a Src/main.o
                0x000000000800033c                StartOS
 .text.main     0x0000000008000376        0xe Src/main.o
                0x0000000008000376                main
 .text.Reset_Handler
                0x0000000008000384       0x50 Startup/startup_stm32f103c6tx.o
                0x0000000008000384                Reset_Handler
 .text.Default_Handler
                0x00000000080003d4        0x2 Startup/startup_stm32f103c6tx.o
                0x00000000080003d4                TIM8_TRG_COM_IRQHandler
                0x00000000080003d4                TIM8_CC_IRQHandler
                0x00000000080003d4                DebugMon_Handler
                0x00000000080003d4                TIM1_CC_IRQHandler
                0x00000000080003d4                HardFault_Handler
                0x00000000080003d4                TIM6_IRQHandler
                0x00000000080003d4                SysTick_Handler
                0x00000000080003d4                PVD_IRQHandler
                0x00000000080003d4                SDIO_IRQHandler
                0x00000000080003d4                PendSV_Handler
                0x00000000080003d4                NMI_Handler
                0x00000000080003d4                USB_HP_CAN_TX_IRQHandler
                0x00000000080003d4                UsageFault_Handler
                0x00000000080003d4                ADC1_2_IRQHandler
                0x00000000080003d4                CAN_SCE_IRQHandler
                0x00000000080003d4                TAMPER_IRQHandler
                0x00000000080003d4                TIM8_UP_IRQHandler
                0x00000000080003d4                DMA2_Channel2_IRQHandler
                0x00000000080003d4                DMA1_Channel4_IRQHandler
                0x00000000080003d4                RTC_IRQHandler
                0x00000000080003d4                DMA1_Channel7_IRQHandler
                0x00000000080003d4                UART5_IRQHandler
                0x00000000080003d4                ADC3_IRQHandler
                0x00000000080003d4                TIM4_IRQHandler
                0x00000000080003d4                CAN_RX1_IRQHandler
                0x00000000080003d4                DMA2_Channel1_IRQHandler
                0x00000000080003d4                DMA1_Channel6_IRQHandler
                0x00000000080003d4                UART4_IRQHandler
                0x00000000080003d4                TIM3_IRQHandler
                0x00000000080003d4                RCC_IRQHandler
                0x00000000080003d4                TIM1_TRG_COM_IRQHandler
                0x00000000080003d4                DMA1_Channel1_IRQHandler
                0x00000000080003d4                Default_Handler
                0x00000000080003d4                TIM7_IRQHandler
                0x00000000080003d4                TIM5_IRQHandler
                0x00000000080003d4                USB_LP_CAN_RX0_IRQHandler
                0x00000000080003d4                MemManage_Handler
                0x00000000080003d4                SVC_Handler
                0x00000000080003d4                DMA1_Channel5_IRQHandler
                0x00000000080003d4                DMA1_Channel3_IRQHandler
                0x00000000080003d4                FSMC_IRQHandler
                0x00000000080003d4                TIM1_UP_IRQHandler
                0x00000000080003d4                WWDG_IRQHandler
                0x00000000080003d4                TIM2_IRQHandler
                0x00000000080003d4                TIM1_BRK_IRQHandler
                0x00000000080003d4                RTCAlarm_IRQHandler
                0x00000000080003d4                DMA2_Channel4_5_IRQHandler
                0x00000000080003d4                DMA1_Channel2_IRQHandler
                0x00000000080003d4                TIM8_BRK_IRQHandler
                0x00000000080003d4                FLASH_IRQHandler
                0x00000000080003d4                BusFault_Handler
                0x00000000080003d4                SPI3_IRQHandler
                0x00000000080003d4                DMA2_Channel3_IRQHandler
 .text.Get_CRLH_Position
                0x00000000080003d6       0xc6 Stm32_F103C6_Drivers/GPIO/stm32f103x8_gpio_driver.o
                0x00000000080003d6                Get_CRLH_Position
 .text.MCAL_GPIO_Init
                0x000000000800049c      0x154 Stm32_F103C6_Drivers/GPIO/stm32f103x8_gpio_driver.o
                0x000000000800049c                MCAL_GPIO_Init
 .text.MCAL_GPIO_ReadPin
                0x00000000080005f0       0x2e Stm32_F103C6_Drivers/GPIO/stm32f103x8_gpio_driver.o
                0x00000000080005f0                MCAL_GPIO_ReadPin
 .text.MCAL_GPIO_WritePin
                0x000000000800061e       0x2e Stm32_F103C6_Drivers/GPIO/stm32f103x8_gpio_driver.o
                0x000000000800061e                MCAL_GPIO_WritePin
 .text.EXTI0_IRQHandler
                0x000000000800064c       0x24 Stm32_F103C6_Drivers/stm32f103x8_EXTI_driver.o
                0x000000000800064c                EXTI0_IRQHandler
 .text.EXTI1_IRQHandler
                0x0000000008000670       0x24 Stm32_F103C6_Drivers/stm32f103x8_EXTI_driver.o
                0x0000000008000670                EXTI1_IRQHandler
 .text.EXTI2_IRQHandler
                0x0000000008000694       0x24 Stm32_F103C6_Drivers/stm32f103x8_EXTI_driver.o
                0x0000000008000694                EXTI2_IRQHandler
 .text.EXTI3_IRQHandler
                0x00000000080006b8       0x24 Stm32_F103C6_Drivers/stm32f103x8_EXTI_driver.o
                0x00000000080006b8                EXTI3_IRQHandler
 .text.EXTI4_IRQHandler
                0x00000000080006dc       0x24 Stm32_F103C6_Drivers/stm32f103x8_EXTI_driver.o
                0x00000000080006dc                EXTI4_IRQHandler
 .text.EXTI9_5_IRQHandler
                0x0000000008000700       0xa8 Stm32_F103C6_Drivers/stm32f103x8_EXTI_driver.o
                0x0000000008000700                EXTI9_5_IRQHandler
 .text.EXTI15_10_IRQHandler
                0x00000000080007a8       0xc4 Stm32_F103C6_Drivers/stm32f103x8_EXTI_driver.o
                0x00000000080007a8                EXTI15_10_IRQHandler
 .text.I2C1_ER_IRQHandler
                0x000000000800086c        0xc Stm32_F103C6_Drivers/stm32f103x8_I2C_Drver.o
                0x000000000800086c                I2C1_ER_IRQHandler
 .text.I2C1_EV_IRQHandler
                0x0000000008000878       0xec Stm32_F103C6_Drivers/stm32f103x8_I2C_Drver.o
                0x0000000008000878                I2C1_EV_IRQHandler
 .text.Slave_States
                0x0000000008000964       0xe0 Stm32_F103C6_Drivers/stm32f103x8_I2C_Drver.o
                0x0000000008000964                Slave_States
 .text.I2C2_ER_IRQHandler
                0x0000000008000a44        0xc Stm32_F103C6_Drivers/stm32f103x8_I2C_Drver.o
                0x0000000008000a44                I2C2_ER_IRQHandler
 .text.I2C2_EV_IRQHandler
                0x0000000008000a50        0xc Stm32_F103C6_Drivers/stm32f103x8_I2C_Drver.o
                0x0000000008000a50                I2C2_EV_IRQHandler
 .text.SPI1_IRQHandler
                0x0000000008000a5c       0x5c Stm32_F103C6_Drivers/stm32f103x8_SPI_Drver.o
                0x0000000008000a5c                SPI1_IRQHandler
 .text.SPI2_IRQHandler
                0x0000000008000ab8       0x5c Stm32_F103C6_Drivers/stm32f103x8_SPI_Drver.o
                0x0000000008000ab8                SPI2_IRQHandler
 .text.USART1_IRQHandler
                0x0000000008000b14       0x14 Stm32_F103C6_Drivers/stm32f103x8_USART_driver.o
                0x0000000008000b14                USART1_IRQHandler
 .text.USART2_IRQHandler
                0x0000000008000b28       0x14 Stm32_F103C6_Drivers/stm32f103x8_USART_driver.o
                0x0000000008000b28                USART2_IRQHandler
 .text.USART3_IRQHandler
                0x0000000008000b3c       0x14 Stm32_F103C6_Drivers/stm32f103x8_USART_driver.o
                0x0000000008000b3c                USART3_IRQHandler
 .text.__libc_init_array
                0x0000000008000b50       0x48 c:/st/stm32cubeide_1.4.0/stm32cubeide/plugins/com.st.stm32cube.ide.mcu.externaltools.gnu-tools-for-stm32.7-2018-q2-update.win32_1.4.0.202007081208/tools/bin/../lib/gcc/arm-none-eabi/7.3.1/../../../../arm-none-eabi/lib/thumb/v7-m\libc_nano.a(lib_a-init.o)
                0x0000000008000b50                __libc_init_array
 *(.glue_7)
 .glue_7        0x0000000008000b98        0x0 linker stubs
 *(.glue_7t)
 .glue_7t       0x0000000008000b98        0x0 linker stubs
 *(.eh_frame)
 .eh_frame      0x0000000008000b98        0x0 c:/st/stm32cubeide_1.4.0/stm32cubeide/plugins/com.st.stm32cube.ide.mcu.externaltools.gnu-tools-for-stm32.7-2018-q2-update.win32_1.4.0.202007081208/tools/bin/../lib/gcc/arm-none-eabi/7.3.1/thumb/v7-m/crtbegin.o
 *(.init)
 .init          0x0000000008000b98        0x4 c:/st/stm32cubeide_1.4.0/stm32cubeide/plugins/com.st.stm32cube.ide.mcu.externaltools.gnu-tools-for-stm32.7-2018-q2-update.win32_1.4.0.202007081208/tools/bin/../lib/gcc/arm-none-eabi/7.3.1/thumb/v7-m/crti.o
                0x0000000008000b98                _init
 .init          0x0000000008000b9c        0x8 c:/st/stm32cubeide_1.4.0/stm32cubeide/plugins/com.st.stm32cube.ide.mcu.externaltools.gnu-tools-for-stm32.7-2018-q2-update.win32_1.4.0.202007081208/tools/bin/../lib/gcc/arm-none-eabi/7.3.1/thumb/v7-m/crtn.o
 *(.fini)
 .fini          0x0000000008000ba4        0x4 c:/st/stm32cubeide_1.4.0/stm32cubeide/plugins/com.st.stm32cube.ide.mcu.externaltools.gnu-tools-for-stm32.7-2018-q2-update.win32_1.4.0.202007081208/tools/bin/../lib/gcc/arm-none-eabi/7.3.1/thumb/v7-m/crti.o
                0x0000000008000ba4                _fini
 .fini          0x0000000008000ba8        0x8 c:/st/stm32cubeide_1.4.0/stm32cubeide/plugins/com.st.stm32cube.ide.mcu.externaltools.gnu-tools-for-stm32.7-2018-q2-update.win32_1.4.0.202007081208/tools/bin/../lib/gcc/arm-none-eabi/7.3.1/thumb/v7-m/crtn.o
                0x0000000008000bb0                . = ALIGN (0x4)
                0x0000000008000bb0                _etext = .

.vfp11_veneer   0x0000000008000bb0        0x0
 .vfp11_veneer  0x0000000008000bb0        0x0 linker stubs

.v4_bx          0x0000000008000bb0        0x0
 .v4_bx         0x0000000008000bb0        0x0 linker stubs

.iplt           0x0000000008000bb0        0x0
 .iplt          0x0000000008000bb0        0x0 c:/st/stm32cubeide_1.4.0/stm32cubeide/plugins/com.st.stm32cube.ide.mcu.externaltools.gnu-tools-for-stm32.7-2018-q2-update.win32_1.4.0.202007081208/tools/bin/../lib/gcc/arm-none-eabi/7.3.1/thumb/v7-m/crtbegin.o

.rodata         0x0000000008000bb0        0x8
                0x0000000008000bb0                . = ALIGN (0x4)
 *(.rodata)
 *(.rodata*)
 .rodata.Rte_Instance_DoorLock_indication_SWC
                0x0000000008000bb0        0x4 AUTOSAR_implementation/RTE_gen/Rte_DoorLock_indication_SWC.o
                0x0000000008000bb0                Rte_Instance_DoorLock_indication_SWC
 .rodata.Rte_Instance_DoorSensorAbstractionSWC
                0x0000000008000bb4        0x4 AUTOSAR_implementation/RTE_gen/Rte_DoorSensorAbstractionSWC.o
                0x0000000008000bb4                Rte_Instance_DoorSensorAbstractionSWC
                0x0000000008000bb8                . = ALIGN (0x4)

.rel.dyn        0x0000000008000bb8        0x0
 .rel.iplt      0x0000000008000bb8        0x0 c:/st/stm32cubeide_1.4.0/stm32cubeide/plugins/com.st.stm32cube.ide.mcu.externaltools.gnu-tools-for-stm32.7-2018-q2-update.win32_1.4.0.202007081208/tools/bin/../lib/gcc/arm-none-eabi/7.3.1/thumb/v7-m/crtbegin.o

.ARM.extab      0x0000000008000bb8        0x0
                0x0000000008000bb8                . = ALIGN (0x4)
 *(.ARM.extab* .gnu.linkonce.armextab.*)
                0x0000000008000bb8                . = ALIGN (0x4)

.ARM            0x0000000008000bb8        0x0
                0x0000000008000bb8                . = ALIGN (0x4)
                0x0000000008000bb8                __exidx_start = .
 *(.ARM.exidx*)
                0x0000000008000bb8                __exidx_end = .
                0x0000000008000bb8                . = ALIGN (0x4)

.preinit_array  0x0000000008000bb8        0x0
                0x0000000008000bb8                . = ALIGN (0x4)
                0x0000000008000bb8                PROVIDE (__preinit_array_start = .)
 *(.preinit_array*)
                0x0000000008000bb8                PROVIDE (__preinit_array_end = .)
                0x0000000008000bb8                . = ALIGN (0x4)

.init_array     0x0000000008000bb8        0x4
                0x0000000008000bb8                . = ALIGN (0x4)
                0x0000000008000bb8                PROVIDE (__init_array_start = .)
 *(SORT_BY_NAME(.init_array.*))
 *(.init_array*)
 .init_array    0x0000000008000bb8        0x4 c:/st/stm32cubeide_1.4.0/stm32cubeide/plugins/com.st.stm32cube.ide.mcu.externaltools.gnu-tools-for-stm32.7-2018-q2-update.win32_1.4.0.202007081208/tools/bin/../lib/gcc/arm-none-eabi/7.3.1/thumb/v7-m/crtbegin.o
                0x0000000008000bbc                PROVIDE (__init_array_end = .)
                0x0000000008000bbc                . = ALIGN (0x4)

.fini_array     0x0000000008000bbc        0x4
                0x0000000008000bbc                . = ALIGN (0x4)
                [!provide]                        PROVIDE (__fini_array_start = .)
 *(SORT_BY_NAME(.fini_array.*))
 *(.fini_array*)
 .fini_array    0x0000000008000bbc        0x4 c:/st/stm32cubeide_1.4.0/stm32cubeide/plugins/com.st.stm32cube.ide.mcu.externaltools.gnu-tools-for-stm32.7-2018-q2-update.win32_1.4.0.202007081208/tools/bin/../lib/gcc/arm-none-eabi/7.3.1/thumb/v7-m/crtbegin.o
                [!provide]                        PROVIDE (__fini_array_end = .)
                0x0000000008000bc0                . = ALIGN (0x4)
                0x0000000008000bc0                _sidata = LOADADDR (.data)

.data           0x0000000020000000        0x0 load address 0x0000000008000bc0
                0x0000000020000000                . = ALIGN (0x4)
                0x0000000020000000                _sdata = .
 *(.data)
 *(.data*)
                0x0000000020000000                . = ALIGN (0x4)
                0x0000000020000000                _edata = .

.igot.plt       0x0000000020000000        0x0 load address 0x0000000008000bc0
 .igot.plt      0x0000000020000000        0x0 c:/st/stm32cubeide_1.4.0/stm32cubeide/plugins/com.st.stm32cube.ide.mcu.externaltools.gnu-tools-for-stm32.7-2018-q2-update.win32_1.4.0.202007081208/tools/bin/../lib/gcc/arm-none-eabi/7.3.1/thumb/v7-m/crtbegin.o
                0x0000000020000000                . = ALIGN (0x4)

.bss            0x0000000020000000       0xbc load address 0x0000000008000bc0
                0x0000000020000000                _sbss = .
                0x0000000020000000                __bss_start__ = _sbss
 *(.bss)
 .bss           0x0000000020000000       0x1c c:/st/stm32cubeide_1.4.0/stm32cubeide/plugins/com.st.stm32cube.ide.mcu.externaltools.gnu-tools-for-stm32.7-2018-q2-update.win32_1.4.0.202007081208/tools/bin/../lib/gcc/arm-none-eabi/7.3.1/thumb/v7-m/crtbegin.o
 *(.bss*)
 .bss.DoorLock_indication_SWC_RP_CS_Led_Switch_Led_Switch_Buffer_retcode
                0x000000002000001c        0x1 AUTOSAR_implementation/RTE_gen/Rte_DoorLock_indication_SWC.o
                0x000000002000001c                DoorLock_indication_SWC_RP_CS_Led_Switch_Led_Switch_Buffer_retcode
 *fill*         0x000000002000001d        0x3 
 .bss.Rte_Call_DoorLock_indication_SWC_RP_CS_Led_Switch_Led_Switch_Delegate
                0x0000000020000020        0x4 AUTOSAR_implementation/RTE_gen/Rte_DoorLock_indication_SWC.o
                0x0000000020000020                Rte_Call_DoorLock_indication_SWC_RP_CS_Led_Switch_Led_Switch_Delegate
 .bss.Global_I2C_Config
                0x0000000020000024       0x48 Stm32_F103C6_Drivers/stm32f103x8_I2C_Drver.o
                0x0000000020000024                Global_I2C_Config
 .bss.Global_SPI_Config
                0x000000002000006c        0x8 Stm32_F103C6_Drivers/stm32f103x8_SPI_Drver.o
                0x000000002000006c                Global_SPI_Config
 .bss.Global_UART_Config
                0x0000000020000074        0x4 Stm32_F103C6_Drivers/stm32f103x8_USART_driver.o
                0x0000000020000074                Global_UART_Config
 *(COMMON)
 COMMON         0x0000000020000078        0x5 AUTOSAR_implementation/RTE_gen/Rte_DoorLock_indication_SWC.o
                0x0000000020000078                DoorLock_indication_RP_SR_DoorState_DoorState
                0x000000002000007c                ReadDoorSensor_PP_SR_DoorState
 *fill*         0x000000002000007d        0x3 
 COMMON         0x0000000020000080       0x3c Stm32_F103C6_Drivers/stm32f103x8_EXTI_driver.o
                0x0000000020000080                GP_IRQ_CallBack
                0x00000000200000bc                . = ALIGN (0x4)
                0x00000000200000bc                _ebss = .
                0x00000000200000bc                __bss_end__ = _ebss

._user_heap_stack
                0x00000000200000bc      0x604 load address 0x0000000008000bc0
                0x00000000200000c0                . = ALIGN (0x8)
 *fill*         0x00000000200000bc        0x4 
                [!provide]                        PROVIDE (end = .)
                0x00000000200000c0                PROVIDE (_end = .)
                0x00000000200002c0                . = (. + _Min_Heap_Size)
 *fill*         0x00000000200000c0      0x200 
                0x00000000200006c0                . = (. + _Min_Stack_Size)
 *fill*         0x00000000200002c0      0x400 
                0x00000000200006c0                . = ALIGN (0x8)

/DISCARD/
 libc.a(*)
 libm.a(*)
 libgcc.a(*)

.ARM.attributes
                0x0000000000000000       0x29
 *(.ARM.attributes)
 .ARM.attributes
                0x0000000000000000       0x1d c:/st/stm32cubeide_1.4.0/stm32cubeide/plugins/com.st.stm32cube.ide.mcu.externaltools.gnu-tools-for-stm32.7-2018-q2-update.win32_1.4.0.202007081208/tools/bin/../lib/gcc/arm-none-eabi/7.3.1/thumb/v7-m/crti.o
 .ARM.attributes
                0x000000000000001d       0x2d c:/st/stm32cubeide_1.4.0/stm32cubeide/plugins/com.st.stm32cube.ide.mcu.externaltools.gnu-tools-for-stm32.7-2018-q2-update.win32_1.4.0.202007081208/tools/bin/../lib/gcc/arm-none-eabi/7.3.1/thumb/v7-m/crtbegin.o
 .ARM.attributes
                0x000000000000004a       0x33 AUTOSAR_implementation/DoorLock_indication_SWC.o
 .ARM.attributes
                0x000000000000007d       0x33 AUTOSAR_implementation/DoorSensorAbstractionSWC.o
 .ARM.attributes
                0x00000000000000b0       0x33 AUTOSAR_implementation/MCAL/DIO.o
 .ARM.attributes
                0x00000000000000e3       0x33 AUTOSAR_implementation/RTE_gen/Rte_DoorLock_indication_SWC.o
 .ARM.attributes
                0x0000000000000116       0x33 AUTOSAR_implementation/RTE_gen/Rte_DoorSensorAbstractionSWC.o
 .ARM.attributes
                0x0000000000000149       0x33 Src/main.o
 .ARM.attributes
                0x000000000000017c       0x21 Startup/startup_stm32f103c6tx.o
 .ARM.attributes
                0x000000000000019d       0x33 Stm32_F103C6_Drivers/GPIO/stm32f103x8_gpio_driver.o
 .ARM.attributes
                0x00000000000001d0       0x33 Stm32_F103C6_Drivers/stm32f103x8_EXTI_driver.o
 .ARM.attributes
                0x0000000000000203       0x33 Stm32_F103C6_Drivers/stm32f103x8_I2C_Drver.o
 .ARM.attributes
                0x0000000000000236       0x33 Stm32_F103C6_Drivers/stm32f103x8_SPI_Drver.o
 .ARM.attributes
                0x0000000000000269       0x33 Stm32_F103C6_Drivers/stm32f103x8_USART_driver.o
 .ARM.attributes
                0x000000000000029c       0x2d c:/st/stm32cubeide_1.4.0/stm32cubeide/plugins/com.st.stm32cube.ide.mcu.externaltools.gnu-tools-for-stm32.7-2018-q2-update.win32_1.4.0.202007081208/tools/bin/../lib/gcc/arm-none-eabi/7.3.1/../../../../arm-none-eabi/lib/thumb/v7-m\libc_nano.a(lib_a-init.o)
 .ARM.attributes
                0x00000000000002c9       0x1d c:/st/stm32cubeide_1.4.0/stm32cubeide/plugins/com.st.stm32cube.ide.mcu.externaltools.gnu-tools-for-stm32.7-2018-q2-update.win32_1.4.0.202007081208/tools/bin/../lib/gcc/arm-none-eabi/7.3.1/thumb/v7-m/crtn.o
OUTPUT(DoorLock_AUTOSAR_project.elf elf32-littlearm)

.debug_info     0x0000000000000000     0x8476
 .debug_info    0x0000000000000000      0x12b AUTOSAR_implementation/DoorLock_indication_SWC.o
 .debug_info    0x000000000000012b      0xa9d AUTOSAR_implementation/DoorSensorAbstractionSWC.o
 .debug_info    0x0000000000000bc8      0xa6d AUTOSAR_implementation/MCAL/DIO.o
 .debug_info    0x0000000000001635      0xb48 AUTOSAR_implementation/RTE_gen/Rte_DoorLock_indication_SWC.o
 .debug_info    0x000000000000217d      0xa6d AUTOSAR_implementation/RTE_gen/Rte_DoorSensorAbstractionSWC.o
 .debug_info    0x0000000000002bea      0xcab Src/main.o
 .debug_info    0x0000000000003895       0x22 Startup/startup_stm32f103c6tx.o
 .debug_info    0x00000000000038b7      0xd79 Stm32_F103C6_Drivers/GPIO/stm32f103x8_gpio_driver.o
 .debug_info    0x0000000000004630      0xdbf Stm32_F103C6_Drivers/stm32f103x8_EXTI_driver.o
 .debug_info    0x00000000000053ef     0x1338 Stm32_F103C6_Drivers/stm32f103x8_I2C_Drver.o
 .debug_info    0x0000000000006727      0xf2c Stm32_F103C6_Drivers/stm32f103x8_SPI_Drver.o
 .debug_info    0x0000000000007653      0xe23 Stm32_F103C6_Drivers/stm32f103x8_USART_driver.o

.debug_abbrev   0x0000000000000000     0x14b1
 .debug_abbrev  0x0000000000000000       0xaf AUTOSAR_implementation/DoorLock_indication_SWC.o
 .debug_abbrev  0x00000000000000af      0x1a1 AUTOSAR_implementation/DoorSensorAbstractionSWC.o
 .debug_abbrev  0x0000000000000250      0x1a8 AUTOSAR_implementation/MCAL/DIO.o
 .debug_abbrev  0x00000000000003f8      0x1c1 AUTOSAR_implementation/RTE_gen/Rte_DoorLock_indication_SWC.o
 .debug_abbrev  0x00000000000005b9      0x1ae AUTOSAR_implementation/RTE_gen/Rte_DoorSensorAbstractionSWC.o
 .debug_abbrev  0x0000000000000767      0x1de Src/main.o
 .debug_abbrev  0x0000000000000945       0x12 Startup/startup_stm32f103c6tx.o
 .debug_abbrev  0x0000000000000957      0x232 Stm32_F103C6_Drivers/GPIO/stm32f103x8_gpio_driver.o
 .debug_abbrev  0x0000000000000b89      0x210 Stm32_F103C6_Drivers/stm32f103x8_EXTI_driver.o
 .debug_abbrev  0x0000000000000d99      0x2b3 Stm32_F103C6_Drivers/stm32f103x8_I2C_Drver.o
 .debug_abbrev  0x000000000000104c      0x226 Stm32_F103C6_Drivers/stm32f103x8_SPI_Drver.o
 .debug_abbrev  0x0000000000001272      0x23f Stm32_F103C6_Drivers/stm32f103x8_USART_driver.o

.debug_loc      0x0000000000000000     0x14f4
 .debug_loc     0x0000000000000000       0x50 AUTOSAR_implementation/DoorLock_indication_SWC.o
 .debug_loc     0x0000000000000050       0xa0 AUTOSAR_implementation/DoorSensorAbstractionSWC.o
 .debug_loc     0x00000000000000f0       0xa0 AUTOSAR_implementation/MCAL/DIO.o
 .debug_loc     0x0000000000000190       0x94 AUTOSAR_implementation/RTE_gen/Rte_DoorLock_indication_SWC.o
 .debug_loc     0x0000000000000224       0xa0 AUTOSAR_implementation/RTE_gen/Rte_DoorSensorAbstractionSWC.o
 .debug_loc     0x00000000000002c4      0x110 Src/main.o
 .debug_loc     0x00000000000003d4      0x330 Stm32_F103C6_Drivers/GPIO/stm32f103x8_gpio_driver.o
 .debug_loc     0x0000000000000704      0x320 Stm32_F103C6_Drivers/stm32f103x8_EXTI_driver.o
 .debug_loc     0x0000000000000a24      0x580 Stm32_F103C6_Drivers/stm32f103x8_I2C_Drver.o
 .debug_loc     0x0000000000000fa4      0x2bc Stm32_F103C6_Drivers/stm32f103x8_SPI_Drver.o
 .debug_loc     0x0000000000001260      0x294 Stm32_F103C6_Drivers/stm32f103x8_USART_driver.o

.debug_aranges  0x0000000000000000      0x358
 .debug_aranges
                0x0000000000000000       0x20 AUTOSAR_implementation/DoorLock_indication_SWC.o
 .debug_aranges
                0x0000000000000020       0x28 AUTOSAR_implementation/DoorSensorAbstractionSWC.o
 .debug_aranges
                0x0000000000000048       0x28 AUTOSAR_implementation/MCAL/DIO.o
 .debug_aranges
                0x0000000000000070       0x28 AUTOSAR_implementation/RTE_gen/Rte_DoorLock_indication_SWC.o
 .debug_aranges
                0x0000000000000098       0x28 AUTOSAR_implementation/RTE_gen/Rte_DoorSensorAbstractionSWC.o
 .debug_aranges
                0x00000000000000c0       0x38 Src/main.o
 .debug_aranges
                0x00000000000000f8       0x28 Startup/startup_stm32f103c6tx.o
 .debug_aranges
                0x0000000000000120       0x60 Stm32_F103C6_Drivers/GPIO/stm32f103x8_gpio_driver.o
 .debug_aranges
                0x0000000000000180       0x80 Stm32_F103C6_Drivers/stm32f103x8_EXTI_driver.o
 .debug_aranges
                0x0000000000000200       0xa0 Stm32_F103C6_Drivers/stm32f103x8_I2C_Drver.o
 .debug_aranges
                0x00000000000002a0       0x58 Stm32_F103C6_Drivers/stm32f103x8_SPI_Drver.o
 .debug_aranges
                0x00000000000002f8       0x60 Stm32_F103C6_Drivers/stm32f103x8_USART_driver.o

.debug_ranges   0x0000000000000000      0x2a0
 .debug_ranges  0x0000000000000000       0x10 AUTOSAR_implementation/DoorLock_indication_SWC.o
 .debug_ranges  0x0000000000000010       0x18 AUTOSAR_implementation/DoorSensorAbstractionSWC.o
 .debug_ranges  0x0000000000000028       0x18 AUTOSAR_implementation/MCAL/DIO.o
 .debug_ranges  0x0000000000000040       0x18 AUTOSAR_implementation/RTE_gen/Rte_DoorLock_indication_SWC.o
 .debug_ranges  0x0000000000000058       0x18 AUTOSAR_implementation/RTE_gen/Rte_DoorSensorAbstractionSWC.o
 .debug_ranges  0x0000000000000070       0x28 Src/main.o
 .debug_ranges  0x0000000000000098       0x20 Startup/startup_stm32f103c6tx.o
 .debug_ranges  0x00000000000000b8       0x50 Stm32_F103C6_Drivers/GPIO/stm32f103x8_gpio_driver.o
 .debug_ranges  0x0000000000000108       0x70 Stm32_F103C6_Drivers/stm32f103x8_EXTI_driver.o
 .debug_ranges  0x0000000000000178       0x90 Stm32_F103C6_Drivers/stm32f103x8_I2C_Drver.o
 .debug_ranges  0x0000000000000208       0x48 Stm32_F103C6_Drivers/stm32f103x8_SPI_Drver.o
 .debug_ranges  0x0000000000000250       0x50 Stm32_F103C6_Drivers/stm32f103x8_USART_driver.o

.debug_macro    0x0000000000000000     0x44d1
 .debug_macro   0x0000000000000000       0xd7 AUTOSAR_implementation/DoorLock_indication_SWC.o
 .debug_macro   0x00000000000000d7      0xa60 AUTOSAR_implementation/DoorLock_indication_SWC.o
 .debug_macro   0x0000000000000b37       0x22 AUTOSAR_implementation/DoorLock_indication_SWC.o
 .debug_macro   0x0000000000000b59       0x22 AUTOSAR_implementation/DoorLock_indication_SWC.o
 .debug_macro   0x0000000000000b7b       0x8e AUTOSAR_implementation/DoorLock_indication_SWC.o
 .debug_macro   0x0000000000000c09       0x51 AUTOSAR_implementation/DoorLock_indication_SWC.o
 .debug_macro   0x0000000000000c5a       0xef AUTOSAR_implementation/DoorLock_indication_SWC.o
 .debug_macro   0x0000000000000d49       0x6a AUTOSAR_implementation/DoorLock_indication_SWC.o
 .debug_macro   0x0000000000000db3      0x1df AUTOSAR_implementation/DoorLock_indication_SWC.o
 .debug_macro   0x0000000000000f92       0x22 AUTOSAR_implementation/DoorLock_indication_SWC.o
 .debug_macro   0x0000000000000fb4       0x82 AUTOSAR_implementation/DoorLock_indication_SWC.o
 .debug_macro   0x0000000000001036       0x40 AUTOSAR_implementation/DoorLock_indication_SWC.o
 .debug_macro   0x0000000000001076       0x10 AUTOSAR_implementation/DoorLock_indication_SWC.o
 .debug_macro   0x0000000000001086       0x1c AUTOSAR_implementation/DoorLock_indication_SWC.o
 .debug_macro   0x00000000000010a2      0x1c8 AUTOSAR_implementation/DoorSensorAbstractionSWC.o
 .debug_macro   0x000000000000126a       0x10 AUTOSAR_implementation/DoorSensorAbstractionSWC.o
 .debug_macro   0x000000000000127a       0x1c AUTOSAR_implementation/DoorSensorAbstractionSWC.o
 .debug_macro   0x0000000000001296       0x18 AUTOSAR_implementation/DoorSensorAbstractionSWC.o
 .debug_macro   0x00000000000012ae       0x46 AUTOSAR_implementation/DoorSensorAbstractionSWC.o
 .debug_macro   0x00000000000012f4       0x3c AUTOSAR_implementation/DoorSensorAbstractionSWC.o
 .debug_macro   0x0000000000001330       0x34 AUTOSAR_implementation/DoorSensorAbstractionSWC.o
 .debug_macro   0x0000000000001364       0x16 AUTOSAR_implementation/DoorSensorAbstractionSWC.o
 .debug_macro   0x000000000000137a      0x10e AUTOSAR_implementation/DoorSensorAbstractionSWC.o
 .debug_macro   0x0000000000001488       0x8d AUTOSAR_implementation/DoorSensorAbstractionSWC.o
 .debug_macro   0x0000000000001515       0x52 AUTOSAR_implementation/DoorSensorAbstractionSWC.o
 .debug_macro   0x0000000000001567       0x1f AUTOSAR_implementation/DoorSensorAbstractionSWC.o
 .debug_macro   0x0000000000001586       0x43 AUTOSAR_implementation/DoorSensorAbstractionSWC.o
 .debug_macro   0x00000000000015c9       0x20 AUTOSAR_implementation/DoorSensorAbstractionSWC.o
 .debug_macro   0x00000000000015e9      0x1a3 AUTOSAR_implementation/DoorSensorAbstractionSWC.o
 .debug_macro   0x000000000000178c      0x330 AUTOSAR_implementation/DoorSensorAbstractionSWC.o
 .debug_macro   0x0000000000001abc       0x16 AUTOSAR_implementation/DoorSensorAbstractionSWC.o
 .debug_macro   0x0000000000001ad2       0x29 AUTOSAR_implementation/DoorSensorAbstractionSWC.o
 .debug_macro   0x0000000000001afb      0x6b8 AUTOSAR_implementation/DoorSensorAbstractionSWC.o
 .debug_macro   0x00000000000021b3       0xd0 AUTOSAR_implementation/DoorSensorAbstractionSWC.o
 .debug_macro   0x0000000000002283       0x16 AUTOSAR_implementation/DoorSensorAbstractionSWC.o
 .debug_macro   0x0000000000002299      0x14e AUTOSAR_implementation/MCAL/DIO.o
 .debug_macro   0x00000000000023e7       0x40 AUTOSAR_implementation/MCAL/DIO.o
 .debug_macro   0x0000000000002427       0x94 AUTOSAR_implementation/MCAL/DIO.o
 .debug_macro   0x00000000000024bb       0x57 AUTOSAR_implementation/MCAL/DIO.o
 .debug_macro   0x0000000000002512      0x1a3 AUTOSAR_implementation/RTE_gen/Rte_DoorLock_indication_SWC.o
 .debug_macro   0x00000000000026b5      0x174 AUTOSAR_implementation/RTE_gen/Rte_DoorLock_indication_SWC.o
 .debug_macro   0x0000000000002829       0x10 AUTOSAR_implementation/RTE_gen/Rte_DoorLock_indication_SWC.o
 .debug_macro   0x0000000000002839       0x35 AUTOSAR_implementation/RTE_gen/Rte_DoorLock_indication_SWC.o
 .debug_macro   0x000000000000286e       0x20 AUTOSAR_implementation/RTE_gen/Rte_DoorLock_indication_SWC.o
 .debug_macro   0x000000000000288e       0x7c AUTOSAR_implementation/RTE_gen/Rte_DoorLock_indication_SWC.o
 .debug_macro   0x000000000000290a       0x16 AUTOSAR_implementation/RTE_gen/Rte_DoorLock_indication_SWC.o
 .debug_macro   0x0000000000002920      0x18b AUTOSAR_implementation/RTE_gen/Rte_DoorSensorAbstractionSWC.o
 .debug_macro   0x0000000000002aab      0x2ec Src/main.o
 .debug_macro   0x0000000000002d97       0x1c Src/main.o
 .debug_macro   0x0000000000002db3       0x10 Src/main.o
 .debug_macro   0x0000000000002dc3       0x10 Src/main.o
 .debug_macro   0x0000000000002dd3       0x1c Src/main.o
 .debug_macro   0x0000000000002def       0x52 Src/main.o
 .debug_macro   0x0000000000002e41       0x40 Src/main.o
 .debug_macro   0x0000000000002e81       0x10 Src/main.o
 .debug_macro   0x0000000000002e91       0x40 Src/main.o
 .debug_macro   0x0000000000002ed1       0xd7 Src/main.o
 .debug_macro   0x0000000000002fa8       0x1c Src/main.o
 .debug_macro   0x0000000000002fc4       0x3d Src/main.o
 .debug_macro   0x0000000000003001       0x16 Src/main.o
 .debug_macro   0x0000000000003017      0x145 Src/main.o
 .debug_macro   0x000000000000315c      0x6be Src/main.o
 .debug_macro   0x000000000000381a       0xa0 Src/main.o
 .debug_macro   0x00000000000038ba       0x40 Src/main.o
 .debug_macro   0x00000000000038fa      0x228 Src/main.o
 .debug_macro   0x0000000000003b22       0xe8 Src/main.o
 .debug_macro   0x0000000000003c0a       0xcb Src/main.o
 .debug_macro   0x0000000000003cd5       0x67 Src/main.o
 .debug_macro   0x0000000000003d3c       0x10 Src/main.o
 .debug_macro   0x0000000000003d4c       0x16 Src/main.o
 .debug_macro   0x0000000000003d62      0x13f Stm32_F103C6_Drivers/GPIO/stm32f103x8_gpio_driver.o
 .debug_macro   0x0000000000003ea1      0x152 Stm32_F103C6_Drivers/stm32f103x8_EXTI_driver.o
 .debug_macro   0x0000000000003ff3      0x15d Stm32_F103C6_Drivers/stm32f103x8_I2C_Drver.o
 .debug_macro   0x0000000000004150      0x16b Stm32_F103C6_Drivers/stm32f103x8_SPI_Drver.o
 .debug_macro   0x00000000000042bb       0xc5 Stm32_F103C6_Drivers/stm32f103x8_SPI_Drver.o
 .debug_macro   0x0000000000004380      0x151 Stm32_F103C6_Drivers/stm32f103x8_USART_driver.o

.debug_line     0x0000000000000000     0x4a4e
 .debug_line    0x0000000000000000      0x4c3 AUTOSAR_implementation/DoorLock_indication_SWC.o
 .debug_line    0x00000000000004c3      0x6c8 AUTOSAR_implementation/DoorSensorAbstractionSWC.o
 .debug_line    0x0000000000000b8b      0x573 AUTOSAR_implementation/MCAL/DIO.o
 .debug_line    0x00000000000010fe      0x664 AUTOSAR_implementation/RTE_gen/Rte_DoorLock_indication_SWC.o
 .debug_line    0x0000000000001762      0x61a AUTOSAR_implementation/RTE_gen/Rte_DoorSensorAbstractionSWC.o
 .debug_line    0x0000000000001d7c      0x8c8 Src/main.o
 .debug_line    0x0000000000002644       0x84 Startup/startup_stm32f103c6tx.o
 .debug_line    0x00000000000026c8      0x697 Stm32_F103C6_Drivers/GPIO/stm32f103x8_gpio_driver.o
 .debug_line    0x0000000000002d5f      0x734 Stm32_F103C6_Drivers/stm32f103x8_EXTI_driver.o
 .debug_line    0x0000000000003493      0x822 Stm32_F103C6_Drivers/stm32f103x8_I2C_Drver.o
 .debug_line    0x0000000000003cb5      0x6e4 Stm32_F103C6_Drivers/stm32f103x8_SPI_Drver.o
 .debug_line    0x0000000000004399      0x6b5 Stm32_F103C6_Drivers/stm32f103x8_USART_driver.o

.debug_str      0x0000000000000000     0xe593
 .debug_str     0x0000000000000000     0x42c8 AUTOSAR_implementation/DoorLock_indication_SWC.o
                                       0x4482 (size before relaxing)
 .debug_str     0x00000000000042c8     0x5c01 AUTOSAR_implementation/DoorSensorAbstractionSWC.o
                                       0x9fa9 (size before relaxing)
 .debug_str     0x0000000000009ec9       0x6e AUTOSAR_implementation/MCAL/DIO.o
                                       0x9722 (size before relaxing)
 .debug_str     0x0000000000009f37      0x239 AUTOSAR_implementation/RTE_gen/Rte_DoorLock_indication_SWC.o
                                       0x7a69 (size before relaxing)
 .debug_str     0x000000000000a170       0xf0 AUTOSAR_implementation/RTE_gen/Rte_DoorSensorAbstractionSWC.o
                                       0x77bb (size before relaxing)
 .debug_str     0x000000000000a260     0x3702 Src/main.o
                                       0xd7a2 (size before relaxing)
 .debug_str     0x000000000000d962       0x31 Startup/startup_stm32f103c6tx.o
                                         0x66 (size before relaxing)
 .debug_str     0x000000000000d993      0x120 Stm32_F103C6_Drivers/GPIO/stm32f103x8_gpio_driver.o
                                       0x9864 (size before relaxing)
 .debug_str     0x000000000000dab3      0x270 Stm32_F103C6_Drivers/stm32f103x8_EXTI_driver.o
                                       0xacb6 (size before relaxing)
 .debug_str     0x000000000000dd23      0x476 Stm32_F103C6_Drivers/stm32f103x8_I2C_Drver.o
                                       0x9e74 (size before relaxing)
 .debug_str     0x000000000000e199      0x28f Stm32_F103C6_Drivers/stm32f103x8_SPI_Drver.o
                                       0x9f84 (size before relaxing)
 .debug_str     0x000000000000e428      0x16b Stm32_F103C6_Drivers/stm32f103x8_USART_driver.o
                                       0x9f82 (size before relaxing)

.comment        0x0000000000000000       0x7b
 .comment       0x0000000000000000       0x7b AUTOSAR_implementation/DoorLock_indication_SWC.o
                                         0x7c (size before relaxing)
 .comment       0x000000000000007b       0x7c AUTOSAR_implementation/DoorSensorAbstractionSWC.o
 .comment       0x000000000000007b       0x7c AUTOSAR_implementation/MCAL/DIO.o
 .comment       0x000000000000007b       0x7c AUTOSAR_implementation/RTE_gen/Rte_DoorLock_indication_SWC.o
 .comment       0x000000000000007b       0x7c AUTOSAR_implementation/RTE_gen/Rte_DoorSensorAbstractionSWC.o
 .comment       0x000000000000007b       0x7c Src/main.o
 .comment       0x000000000000007b       0x7c Stm32_F103C6_Drivers/GPIO/stm32f103x8_gpio_driver.o
 .comment       0x000000000000007b       0x7c Stm32_F103C6_Drivers/stm32f103x8_EXTI_driver.o
 .comment       0x000000000000007b       0x7c Stm32_F103C6_Drivers/stm32f103x8_I2C_Drver.o
 .comment       0x000000000000007b       0x7c Stm32_F103C6_Drivers/stm32f103x8_SPI_Drver.o
 .comment       0x000000000000007b       0x7c Stm32_F103C6_Drivers/stm32f103x8_USART_driver.o

.debug_frame    0x0000000000000000      0xa98
 .debug_frame   0x0000000000000000       0x34 AUTOSAR_implementation/DoorLock_indication_SWC.o
 .debug_frame   0x0000000000000034       0x58 AUTOSAR_implementation/DoorSensorAbstractionSWC.o
 .debug_frame   0x000000000000008c       0x58 AUTOSAR_implementation/MCAL/DIO.o
 .debug_frame   0x00000000000000e4       0x54 AUTOSAR_implementation/RTE_gen/Rte_DoorLock_indication_SWC.o
 .debug_frame   0x0000000000000138       0x58 AUTOSAR_implementation/RTE_gen/Rte_DoorSensorAbstractionSWC.o
 .debug_frame   0x0000000000000190       0x98 Src/main.o
 .debug_frame   0x0000000000000228      0x178 Stm32_F103C6_Drivers/GPIO/stm32f103x8_gpio_driver.o
 .debug_frame   0x00000000000003a0      0x1b0 Stm32_F103C6_Drivers/stm32f103x8_EXTI_driver.o
 .debug_frame   0x0000000000000550      0x288 Stm32_F103C6_Drivers/stm32f103x8_I2C_Drver.o
 .debug_frame   0x00000000000007d8      0x148 Stm32_F103C6_Drivers/stm32f103x8_SPI_Drver.o
 .debug_frame   0x0000000000000920      0x14c Stm32_F103C6_Drivers/stm32f103x8_USART_driver.o
 .debug_frame   0x0000000000000a6c       0x2c c:/st/stm32cubeide_1.4.0/stm32cubeide/plugins/com.st.stm32cube.ide.mcu.externaltools.gnu-tools-for-stm32.7-2018-q2-update.win32_1.4.0.202007081208/tools/bin/../lib/gcc/arm-none-eabi/7.3.1/../../../../arm-none-eabi/lib/thumb/v7-m\libc_nano.a(lib_a-init.o)
